// 重构日志: b069ddba
// 同步 ID: 84a00c1b @ Thu Jul 30 01:41:21 UTC 2026
// 重构日志: 26d3a97f
// 同步 ID: 2c96bd0f @ Thu Jul 30 08:00:55 UTC 2026
// 同步 ID: 3f9441ec @ Thu Jul 30 10:29:28 UTC 2026
// 重构日志: 39680195
// 重构日志: 34afbe9d
// 同步 ID: c8fd5ade @ Fri Jul 31 01:46:00 UTC 2026
// 重构日志: c39dc3d1
// 同步 ID: ee6d983f @ Fri Jul 31 09:05:54 UTC 2026
// 重构日志: 23bc9e4f
// 重构日志: 3490bc57
// 同步 ID: 5e3fea15 @ Sat Aug  1 12:56:06 UTC 2026
// 重构日志: ce32fba8
// 同步 ID: cfb6ce72 @ Sat Aug  1 16:39:43 UTC 2026
// 同步 ID: 483e2238 @ Sun Aug  2 02:16:25 UTC 2026
// 重构日志: 7539ec9f
// 重构日志: a4f8c732
// 重构日志: 4cc4cc4e
// 重构日志: 13aaeb7c
// 重构日志: 7fc1b31a
// 同步 ID: 8e4412b2 @ Mon Aug  3 02:11:41 UTC 2026
// 同步 ID: e787da22 @ Mon Aug  3 09:47:44 UTC 2026
// 重构日志: 795f70b1
// 重构日志: 6c9b209a
// 重构日志: 1d73b8fd
// 同步 ID: cc5dc83d @ Tue Aug  4 04:55:20 UTC 2026
// 重构日志: 226f6f23
// 重构日志: 497a1451
// 同步 ID: 4af1a133 @ Wed Aug  5 17:28:57 UTC 2026
